2122121201302202002323
1133123013230012103202
322332122012123233121
210130231211222210021
112201230200301023100
31323001010321120321
20212223123313302113
11110111221001212202
3102111302312023311
2001333312023122231
1100111330222301020
301221321200221211
132230003022013203
102331312112202002
23232030303211201
13033221202330201
10132203100221000
2301012102103201
1231130332111133
1003221103332002
221303222113131
121311221212211
33332000300320
21313220311231
12012113323023
3301100322202
2111013000221
1130021321321
320331012300
203030303021
111300103213
31130133202
20103310011
11020223131
3023020220
1331202311
1031211303
233331002
131220301
102110101
23110200
12333301
10110233
2223002
1221231
1001111
220120
120331
33123
21202
11321
3221
2100
1121
313
202
111
31
20
11
3
2
1
1
0
