115A0828098A40000000000
68B041404A52000000000
3627596972A000000000
1B040B91B7000000000
111AAA198400000000
7A8B383500000000
4BA09AB00000000
33A86734000000
241AB88000000
191529600000
14A8BA00000
1259500000
114500000
11450000
1270000
156000
1B400
2B00
500
A0
20
6
2
1
1
