27947741345897057224810202650289A52A67369A35A88350045313823849A
