100100210221102010202122101121120100110220002121112211120010001200221220000110112121200112121212020000200121112002002101122001001221222210120122121111001100112201022001202200120121022002002020021202001102102202101012122222220221102010112010210222102211202212201121212011000101212102222212002011211211120010000210201012001111
