13154231065456105664653132165406515643244564321065065134
-645130653165101234546123156065132456513206
