FAB8BAB1A2A6FA010AB98AA0A984FFBB98410365AA48BB94120FE1098AAABE41023E303
