1
S12DYER57YHSDF89GH7DER12UY3WFB8S9D789W75E123REY856DF74897TERY432HDFS1SDF6H5SD4
