9999999999999999899999999999999999900000000000000002
