19283179546991354852458171527548855328498965644502
