1897864523478943219688732165342665445324547462547254929867573645616652742655442398727466253643456574234632
23164514632
5
