2479335110965972533511072884734865136238774467874941149812189099406158699837975560158285662939982180192171594001
