1B2B13345265AAC8443J245325CC43435E246453
-3AJ458
0
5BBC98AA742312323EF236D69100J
