8910321894990000000000000000000000000000000000000000000000000000000000000000000000000000000000000000000000000000000000
