308554296030592546210023739506953582515953549411499905819464896
