132324513465346574456898457362216634537122756642642338947347263324162466524
132324513465346574456898457362216634537122756642642338947347263324162466524
