-7382156957615010516957177507150786123987653219874
