-456364456
1
-98653457643456982343243973857542689346543216523164523
