2554983213218723135234235324
34256463289778469234672352314537435634574554647456793428572
