10000000000000565483421089453189742389541967423619854983447
324656423465647143521534632371342653774239487734
18941654654651034894123198567489743219854987462341456356655406657846479536
