9878795667985362171223352655426328515236
6543215987542313223452345546657987
