6852
6281
5710
5139
4568
3997
3426
2855
2284
1713
1142
571
0
